# Total number of webs followed by the listing of the program points of each one
# program points in each web are sorted in ascending order
webs: 6
web0: 1
web1: 1+,2,3-
web2: 2
web3: 3+,4,5-
web4: 3,4
web5: 2,3
# Total number of registers used, followed by assignment to webs
registers: 1
M: web2
M: web4
M: web5
r0: web0
r0: web1
r0: web3
